<div class="col-auto">
    <div class="form-check form-check-inline">
        <input class="form-check-input" id="inlineCheckbox1" name="inlineCheckboxOptions[]" type="checkbox" value="option1">
        <label class="form-check-label" for="inlineCheckbox1">1</label>
    </div>
    <div class="form-check form-check-inline">
        <input class="form-check-input" id="inlineCheckbox2" name="inlineCheckboxOptions[]" type="checkbox" value="option2">
        <label class="form-check-label" for="inlineCheckbox2">2</label>
    </div>
    <div class="form-check form-check-inline">
        <input class="form-check-input" disabled id="inlineCheckbox3" name="inlineCheckboxOptions[]" type="checkbox" value="option3">
        <label class="form-check-label" for="inlineCheckbox3">3 (disabled)</label>
    </div>
</div>
<br>
<div class="col-auto">
    <div class="form-check form-check-inline">
        <input class="form-check-input" id="inlineRadio1" name="inlineRadioOptions" type="radio" value="option1">
        <label class="form-check-label" for="inlineRadio1">1</label>
    </div>
    <div class="form-check form-check-inline">
        <input class="form-check-input" id="inlineRadio2" name="inlineRadioOptions" type="radio" value="option2">
        <label class="form-check-label" for="inlineRadio2">2</label>
    </div>
    <div class="form-check form-check-inline">
        <input class="form-check-input" disabled id="inlineRadio3" name="inlineRadioOptions" type="radio" value="option3">
        <label class="form-check-label" for="inlineRadio3">3 (disabled)</label>
    </div>
</div>
