<!DOCTYPE html PUBLIC "-//W3C//DTD HTML 4.0 Transitional//EN" "http://www.w3.org/TR/REC-html40/loose.dtd">
<?xml encoding="utf-8" ?><html><body>
<div class="collapse" id="navbarToggleExternalContent">
    <div class="bg-dark p-4">
        <h5 class="text-white h4">Collapsed content</h5>
        <span class="text-muted">Toggleable via the navbar brand.</span>
    </div>
</div>
<nav class="bg-dark navbar navbar-dark">
    <div class="container-fluid">
        <button aria-controls="navbarToggleExternalContent" aria-expanded="false" aria-label="Toggle navigation" class="navbar-toggler" data-bs-target="#navbarToggleExternalContent" data-bs-toggle="collapse" name="button" type="button" value=""></button>
    </div>
</nav>
</body></html>
