<div class="input-group mb-3">
    <button aria-expanded="false" class="btn btn-outline-secondary dropdown-toggle" data-bs-toggle="dropdown" name="button" type="button" value="">Dropdown</button>
    <ul class="dropdown-menu">
        <li><a class="dropdown-item" href="#">Action</a></li>
        <li><a class="dropdown-item" href="#">Another action</a></li>
        <li><a class="dropdown-item" href="#">Something else here</a></li>
        <li><hr class="dropdown-divider"></li>
        <li><a class="dropdown-item" href="#">Separated link</a></li>
    </ul>
    <input aria-label="Text input with dropdown button" class="form-control" name="dropdown-prepend" type="text" value="">
</div>
<div class="input-group mb-3">
    <input aria-label="Text input with dropdown button" class="form-control" name="dropdown-append" type="text" value="">
    <button aria-expanded="false" class="btn btn-outline-secondary dropdown-toggle" data-bs-toggle="dropdown" name="button" type="button" value="">Dropdown</button>
    <ul class="dropdown-menu dropdown-menu-end">
        <li><a class="dropdown-item" href="#">Action</a></li>
        <li><a class="dropdown-item" href="#">Another action</a></li>
        <li><a class="dropdown-item" href="#">Something else here</a></li>
        <li><hr class="dropdown-divider"></li>
        <li><a class="dropdown-item" href="#">Separated link</a></li>
    </ul>
</div>
<div class="input-group">
    <button aria-expanded="false" class="btn btn-outline-secondary dropdown-toggle" data-bs-toggle="dropdown" name="button" type="button" value="">Dropdown</button>
    <ul class="dropdown-menu">
        <li><a class="dropdown-item" href="#">Action</a></li>
        <li><a class="dropdown-item" href="#">Another action</a></li>
        <li><a class="dropdown-item" href="#">Something else here</a></li>
        <li><hr class="dropdown-divider"></li>
        <li><a class="dropdown-item" href="#">Separated link</a></li>
    </ul>
    <input aria-label="Text input with dropdown button" class="form-control" name="dropdown-prepend-and-append" type="text" value="">
    <button aria-expanded="false" class="btn btn-outline-secondary dropdown-toggle" data-bs-toggle="dropdown" name="button" type="button" value="">Dropdown</button>
    <ul class="dropdown-menu dropdown-menu-end">
        <li><a class="dropdown-item" href="#">Action</a></li>
        <li><a class="dropdown-item" href="#">Another action</a></li>
        <li><a class="dropdown-item" href="#">Something else here</a></li>
        <li><hr class="dropdown-divider"></li>
        <li><a class="dropdown-item" href="#">Separated link</a></li>
    </ul>
</div>
