<div class="input-group input-group-sm mb-3">
    <span class="input-group-text" id="inputGroup-sizing-sm">Small</span>
    <input aria-describedby="inputGroup-sizing-sm" aria-label="Sizing example input" class="form-control form-control-sm" name="small" type="text" value="">
</div>
<div class="input-group mb-3">
    <span class="input-group-text" id="inputGroup-sizing-default">Default</span>
    <input aria-describedby="inputGroup-sizing-default" aria-label="Sizing example input" class="form-control" name="default" type="text" value="">
</div>
<div class="input-group input-group-lg">
    <span class="input-group-text" id="inputGroup-sizing-lg">Large</span>
    <input aria-describedby="inputGroup-sizing-lg" aria-label="Sizing example input" class="form-control form-control-lg" name="large" type="text" value="">
</div>
