<div class="form-floating">
    <select aria-label="Floating label select example" class="form-select" id="floatingSelect" name="floatingSelect">
        <option selected value="">Open this select menu</option>
        <option value="1">One</option>
        <option value="2">Two</option>
        <option value="3">Three</option>
    </select>
    <label for="floatingSelect">Works with selects</label>
</div>