<div class="form-floating">
    <textarea class="form-control" id="floatingTextarea" name="comments" placeholder="Leave a comment here"></textarea>
    <label for="floatingTextarea">Comments</label>
</div>
<div class="form-floating">
    <textarea class="form-control" id="floatingTextarea" name="customHeightComments" placeholder="Leave a comment here" style="height: 100px;"></textarea>
    <label for="floatingTextarea">Comments</label>
</div>
