<div class="m-5 spinner-border" role="status">
    <span class="visually-hidden">Loading...</span>
</div>