<!DOCTYPE html PUBLIC "-//W3C//DTD HTML 4.0 Transitional//EN" "http://www.w3.org/TR/REC-html40/loose.dtd">
<?xml encoding="utf-8" ?><html><body><div class="text-center">
    <img alt="..." class="rounded" src="/twbs-helper-module/img/docs/200x200.svg">
</div></body></html>
