<div class="carousel carousel-fade slide" data-bs-ride="carousel" id="carouselExampleFade">
    <div class="carousel-inner">
        <div class="active carousel-item">
            <img alt="..." class="d-block w-100" src="/twbs-helper-module/img/docs/slide1.svg">
        </div>
        <div class="carousel-item">
            <img alt="..." class="d-block w-100" src="/twbs-helper-module/img/docs/slide2.svg">
        </div>
        <div class="carousel-item">
            <img alt="..." class="d-block w-100" src="/twbs-helper-module/img/docs/slide3.svg">
        </div>
    </div>
    <button class="carousel-control-prev" data-bs-slide="prev" data-bs-target="#carouselExampleFade" name="carousel-control-prev" type="button" value="">
        <span aria-hidden="true" class="carousel-control-prev-icon"></span>
        <span class="visually-hidden">Previous</span>
    </button>
    <button class="carousel-control-next" data-bs-slide="next" data-bs-target="#carouselExampleFade" name="carousel-control-next" type="button" value="">
        <span aria-hidden="true" class="carousel-control-next-icon"></span>
        <span class="visually-hidden">Next</span>
    </button>
</div>