<div class="carousel slide" data-bs-ride="carousel" id="carouselExampleSlidesOnly">
    <div class="carousel-inner">
        <div class="active carousel-item">
            <img alt="..." class="d-block w-100" src="/twbs-helper-module/img/docs/slide1.svg">
        </div>
        <div class="carousel-item">
            <img alt="..." class="d-block w-100" src="/twbs-helper-module/img/docs/slide2.svg">
        </div>
        <div class="carousel-item">
            <img alt="..." class="d-block w-100" src="/twbs-helper-module/img/docs/slide3.svg">
        </div>
    </div>
</div>