<!DOCTYPE html PUBLIC "-//W3C//DTD HTML 4.0 Transitional//EN" "http://www.w3.org/TR/REC-html40/loose.dtd">
<?xml encoding="utf-8" ?><html><body>
<div class="card" style="width: 18rem;">
    <ul class="list-group list-group-flush">
        <li class="list-group-item">An item</li>
        <li class="list-group-item">A second item</li>
        <li class="list-group-item">A third item</li>
    </ul>
</div>
<br>
<div class="card" style="width: 18rem;">
    <div class="card-header">
        Featured
    </div>
    <ul class="list-group list-group-flush">
        <li class="list-group-item">An item</li>
        <li class="list-group-item">A second item</li>
        <li class="list-group-item">A third item</li>
    </ul>
</div>
<br>
<div class="card" style="width: 18rem;">
    <ul class="list-group list-group-flush">
        <li class="list-group-item">An item</li>
        <li class="list-group-item">A second item</li>
        <li class="list-group-item">A third item</li>
    </ul>
    <div class="card-footer">
        Card footer
    </div>
</div>
</body></html>
