<!DOCTYPE html PUBLIC "-//W3C//DTD HTML 4.0 Transitional//EN" "http://www.w3.org/TR/REC-html40/loose.dtd">
<html><body>
<div class="progress" style="height: 1px;">
    <div aria-valuemax="100" aria-valuemin="0" aria-valuenow="25" class="progress-bar" role="progressbar" style="width: 25%;"></div>
</div>
<br>
<div class="progress" style="height: 20px;">
    <div aria-valuemax="100" aria-valuemin="0" aria-valuenow="25" class="progress-bar" role="progressbar" style="width: 25%;"></div>
</div>
</body></html>
