<p><abbr title="attribute">attr</abbr></p>
<p><abbr class="initialism" title="HyperText Markup Language">HTML</abbr></p>
