<!DOCTYPE html PUBLIC "-//W3C//DTD HTML 4.0 Transitional//EN" "http://www.w3.org/TR/REC-html40/loose.dtd">
<html><body>
<div class="input-group mb-3">
    <div class="input-group-prepend">
        <div class="input-group-text">
            $
        </div>
        <div class="input-group-text">
            0.00
        </div>
    </div>
    <input type="text" name="multiple-addons-prepend" aria-label="Dollar amount (with dot and two decimal places)" class="form-control" value="">
</div>
<div class="input-group mb-3">
    <input type="text" name="multiple-addons-append" aria-label="Dollar amount (with dot and two decimal places)" class="form-control" value="">
    <div class="input-group-append">
        <div class="input-group-text">
            $
        </div>
        <div class="input-group-text">
            0.00
        </div>
    </div>
</div>
</body></html>
