<!DOCTYPE html PUBLIC "-//W3C//DTD HTML 4.0 Transitional//EN" "http://www.w3.org/TR/REC-html40/loose.dtd">
<?xml encoding="utf-8" ?><html><body>
<div class="bg-primary card mb-3 text-white" style="max-width: 18rem;">
    <div class="card-header">
        Header
    </div>
    <div class="card-body">
        <h5 class="card-title">Primary card title</h5>
        <p class="card-text">Some quick example text to build on the card title and make up the bulk of the card's content.</p>
    </div>
</div>
<div class="bg-secondary card mb-3 text-white" style="max-width: 18rem;">
    <div class="card-header">
        Header
    </div>
    <div class="card-body">
        <h5 class="card-title">Secondary card title</h5>
        <p class="card-text">Some quick example text to build on the card title and make up the bulk of the card's content.</p>
    </div>
</div>
<div class="bg-success card mb-3 text-white" style="max-width: 18rem;">
    <div class="card-header">
        Header
    </div>
    <div class="card-body">
        <h5 class="card-title">Success card title</h5>
        <p class="card-text">Some quick example text to build on the card title and make up the bulk of the card's content.</p>
    </div>
</div>
<div class="bg-danger card mb-3 text-white" style="max-width: 18rem;">
    <div class="card-header">
        Header
    </div>
    <div class="card-body">
        <h5 class="card-title">Danger card title</h5>
        <p class="card-text">Some quick example text to build on the card title and make up the bulk of the card's content.</p>
    </div>
</div>
<div class="bg-warning card mb-3 text-dark" style="max-width: 18rem;">
    <div class="card-header">
        Header
    </div>
    <div class="card-body">
        <h5 class="card-title">Warning card title</h5>
        <p class="card-text">Some quick example text to build on the card title and make up the bulk of the card's content.</p>
    </div>
</div>
<div class="bg-info card mb-3 text-dark" style="max-width: 18rem;">
    <div class="card-header">
        Header
    </div>
    <div class="card-body">
        <h5 class="card-title">Info card title</h5>
        <p class="card-text">Some quick example text to build on the card title and make up the bulk of the card's content.</p>
    </div>
</div>
<div class="bg-light card mb-3 text-dark" style="max-width: 18rem;">
    <div class="card-header">
        Header
    </div>
    <div class="card-body">
        <h5 class="card-title">Light card title</h5>
        <p class="card-text">Some quick example text to build on the card title and make up the bulk of the card's content.</p>
    </div>
</div>
<div class="bg-dark card mb-3 text-white" style="max-width: 18rem;">
    <div class="card-header">
        Header
    </div>
    <div class="card-body">
        <h5 class="card-title">Dark card title</h5>
        <p class="card-text">Some quick example text to build on the card title and make up the bulk of the card's content.</p>
    </div>
</div>
</body></html>
