<!DOCTYPE html PUBLIC "-//W3C//DTD HTML 4.0 Transitional//EN" "http://www.w3.org/TR/REC-html40/loose.dtd">
<?xml encoding="utf-8" ?><html><body><div class="border-success card mb-3" style="max-width: 18rem;">
    <div class="bg-transparent border-success card-header">
        Header
    </div>
    <div class="card-body text-success">
        <h5 class="card-title">Success card title</h5>
        <p class="card-text">Some quick example text to build on the card title and make up the bulk of the card's content.</p>
    </div>
    <div class="bg-transparent border-success card-footer">
        Footer
    </div>
</div></body></html>
