<span class="badge bg-primary rounded-pill">Primary</span>
<span class="badge bg-secondary rounded-pill">Secondary</span>
<span class="badge bg-success rounded-pill">Success</span>
<span class="badge bg-danger rounded-pill">Danger</span>
<span class="badge bg-warning rounded-pill text-dark">Warning</span>
<span class="badge bg-info rounded-pill text-dark">Info</span>
<span class="badge bg-light rounded-pill text-dark">Light</span>
<span class="badge bg-dark rounded-pill">Dark</span>
