<div class="container px-4">
    <div class="gx-5 row">
        <div class="col">
            <div class="bg-light border p-3">
                Custom column padding
            </div>
        </div>
        <div class="col">
            <div class="bg-light border p-3">
                Custom column padding
            </div>
        </div>
    </div>
</div>
<div class="container overflow-hidden">
    <div class="gx-5 row">
        <div class="col">
            <div class="bg-light border p-3">
                Custom column padding
            </div>
        </div>
        <div class="col">
            <div class="bg-light border p-3">
                Custom column padding
            </div>
        </div>
    </div>
</div>
