<!DOCTYPE html PUBLIC "-//W3C//DTD HTML 4.0 Transitional//EN" "http://www.w3.org/TR/REC-html40/loose.dtd">
<?xml encoding="utf-8" ?><html><body>
<input aria-label="Disabled input example" class="form-control" disabled name="disabled-input" placeholder="Disabled input" type="text" value="">
<br>
<input aria-label="Disabled input example" class="form-control" disabled name="disabled-readonly-input" readonly type="text" value="Disabled readonly input">
</body></html>
