<!DOCTYPE html PUBLIC "-//W3C//DTD HTML 4.0 Transitional//EN" "http://www.w3.org/TR/REC-html40/loose.dtd">
<?xml encoding="utf-8" ?><html><body>
<input aria-label=".form-control-lg example" class="form-control form-control-lg" name="lg" placeholder=".form-control-lg" type="text" value="">
<br>
<input aria-label="default input example" class="form-control" name="default" placeholder="Default input" type="text" value="">
<br>
<input aria-label=".form-control-sm example" class="form-control form-control-sm" name="sm" placeholder=".form-control-sm" type="text" value="">
</body></html>
