<!DOCTYPE html PUBLIC "-//W3C//DTD HTML 4.0 Transitional//EN" "http://www.w3.org/TR/REC-html40/loose.dtd">
<?xml encoding="utf-8" ?><html><body>
<label class="form-label" for="inputPassword5">Password</label>
<input name="password" id="inputPassword5" type="password" class="form-control" aria-describedby="passwordHelpBlock" value="">
<div class="form-text" id="passwordHelpBlock">
    Your password must be 8-20 characters long, contain letters and numbers, and must not contain spaces, special characters, or emoji.
</div>
<br>
<form action="" class="align-items-center g-3 row" id="form" method="POST" name="form" role="form">
    <div class="col-auto">
        <label class="col-form-label" for="inputPassword6">Password</label>
    </div>
    <div class="col-auto">
        <input name="password" id="inputPassword6" type="password" class="form-control" aria-describedby="passwordHelpInline" value="">
    </div>
    <div class="col-auto">
        <span class="form-text" id="passwordHelpInline">Must be 8-20 characters long.</span>
    </div>
</form>
</body></html>
