<!DOCTYPE html PUBLIC "-//W3C//DTD HTML 4.0 Transitional//EN" "http://www.w3.org/TR/REC-html40/loose.dtd">
<?xml encoding="utf-8" ?><html><body><div class="container">
    <div class="row">
        <div class="col">
            col
        </div>
        <div class="col">
            col
        </div>
        <div class="col">
            col
        </div>
        <div class="col">
            col
        </div>
    </div>
    <div class="row">
        <div class="col-8">
            col-8
        </div>
        <div class="col-4">
            col-4
        </div>
    </div>
</div></body></html>
