<figure class="figure">
    <img alt="..." class="figure-img img-fluid rounded" src="/twbs-helper-module/img/docs/400x300.svg">
    <figcaption class="figure-caption">A caption for the above image.</figcaption>
</figure>