<!DOCTYPE html PUBLIC "-//W3C//DTD HTML 4.0 Transitional//EN" "http://www.w3.org/TR/REC-html40/loose.dtd">
<?xml encoding="utf-8" ?><html><body>
<button class="btn btn-primary" data-bs-target="#exampleModalFullscreen" data-bs-toggle="modal" name="button" type="button" value="">Full screen</button>
<button class="btn btn-primary" data-bs-target="#exampleModalFullscreenSm" data-bs-toggle="modal" name="button" type="button" value="">Full screen below sm</button>
<button class="btn btn-primary" data-bs-target="#exampleModalFullscreenMd" data-bs-toggle="modal" name="button" type="button" value="">Full screen below md</button>
<button class="btn btn-primary" data-bs-target="#exampleModalFullscreenLg" data-bs-toggle="modal" name="button" type="button" value="">Full screen below lg</button>
<button class="btn btn-primary" data-bs-target="#exampleModalFullscreenXl" data-bs-toggle="modal" name="button" type="button" value="">Full screen below xl</button>
<button class="btn btn-primary" data-bs-target="#exampleModalFullscreenXxl" data-bs-toggle="modal" name="button" type="button" value="">Full screen below xxl</button>
<div aria-hidden="true" aria-labelledby="exampleModalFullscreenLabel" class="fade modal" id="exampleModalFullscreen" tabindex="-1">
    <div class="modal-dialog modal-fullscreen">
        <div class="modal-content">
            <div class="modal-header">
                <h5 class="h4 modal-title" id="exampleModalFullscreenLabel">Full screen modal</h5>
                <button aria-label="Close" class="btn-close" data-bs-dismiss="modal" name="button" type="button" value=""></button>
            </div>
            <div class="modal-body">
                <p>...</p>
            </div>
            <div class="modal-footer">
                <button class="btn btn-secondary" data-bs-dismiss="modal" name="button" type="button" value="">Close</button>
            </div>
        </div>
    </div>
</div>
<div aria-hidden="true" aria-labelledby="exampleModalFullscreenSmLabel" class="fade modal" id="exampleModalFullscreenSm" tabindex="-1">
    <div class="modal-dialog modal-fullscreen-sm-down">
        <div class="modal-content">
            <div class="modal-header">
                <h5 class="h4 modal-title" id="exampleModalFullscreenSmLabel">Full screen below sm</h5>
                <button aria-label="Close" class="btn-close" data-bs-dismiss="modal" name="button" type="button" value=""></button>
            </div>
            <div class="modal-body">
                <p>...</p>
            </div>
            <div class="modal-footer">
                <button class="btn btn-secondary" data-bs-dismiss="modal" name="button" type="button" value="">Close</button>
            </div>
        </div>
    </div>
</div>
<div aria-hidden="true" aria-labelledby="exampleModalFullscreenMdLabel" class="fade modal" id="exampleModalFullscreenMd" tabindex="-1">
    <div class="modal-dialog modal-fullscreen-md-down">
        <div class="modal-content">
            <div class="modal-header">
                <h5 class="h4 modal-title" id="exampleModalFullscreenMdLabel">Full screen below md</h5>
                <button aria-label="Close" class="btn-close" data-bs-dismiss="modal" name="button" type="button" value=""></button>
            </div>
            <div class="modal-body">
                <p>...</p>
            </div>
            <div class="modal-footer">
                <button class="btn btn-secondary" data-bs-dismiss="modal" name="button" type="button" value="">Close</button>
            </div>
        </div>
    </div>
</div>
<div aria-hidden="true" aria-labelledby="exampleModalFullscreenLgLabel" class="fade modal" id="exampleModalFullscreenLg" tabindex="-1">
    <div class="modal-dialog modal-fullscreen-lg-down">
        <div class="modal-content">
            <div class="modal-header">
                <h5 class="h4 modal-title" id="exampleModalFullscreenLgLabel">Full screen below lg</h5>
                <button aria-label="Close" class="btn-close" data-bs-dismiss="modal" name="button" type="button" value=""></button>
            </div>
            <div class="modal-body">
                <p>...</p>
            </div>
            <div class="modal-footer">
                <button class="btn btn-secondary" data-bs-dismiss="modal" name="button" type="button" value="">Close</button>
            </div>
        </div>
    </div>
</div>
<div aria-hidden="true" aria-labelledby="exampleModalFullscreenXlLabel" class="fade modal" id="exampleModalFullscreenXl" tabindex="-1">
    <div class="modal-dialog modal-fullscreen-xl-down">
        <div class="modal-content">
            <div class="modal-header">
                <h5 class="h4 modal-title" id="exampleModalFullscreenXlLabel">Full screen below xl</h5>
                <button aria-label="Close" class="btn-close" data-bs-dismiss="modal" name="button" type="button" value=""></button>
            </div>
            <div class="modal-body">
                <p>...</p>
            </div>
            <div class="modal-footer">
                <button class="btn btn-secondary" data-bs-dismiss="modal" name="button" type="button" value="">Close</button>
            </div>
        </div>
    </div>
</div>
<div aria-hidden="true" aria-labelledby="exampleModalFullscreenXxlLabel" class="fade modal" id="exampleModalFullscreenXxl" tabindex="-1">
    <div class="modal-dialog modal-fullscreen-xxl-down">
        <div class="modal-content">
            <div class="modal-header">
                <h5 class="h4 modal-title" id="exampleModalFullscreenXxlLabel">Full screen below xxl</h5>
                <button aria-label="Close" class="btn-close" data-bs-dismiss="modal" name="button" type="button" value=""></button>
            </div>
            <div class="modal-body">
                <p>...</p>
            </div>
            <div class="modal-footer">
                <button class="btn btn-secondary" data-bs-dismiss="modal" name="button" type="button" value="">Close</button>
            </div>
        </div>
    </div>
</div>
</body></html>
