<div class="dropdown">
    <button aria-expanded="false" class="btn btn-secondary dropdown-toggle" data-bs-toggle="dropdown" name="dropdown" type="button" value="">Dropdown</button>
    <ul class="dropdown-menu">
        <li><a class="dropdown-item" href="#">Action</a></li>
        <li><a class="dropdown-item" href="#">Another action</a></li>
        <li><a class="dropdown-item" href="#">Something else here</a></li>
    </ul>
</div>
<br>
<div class="dropdown">
    <button aria-expanded="false" class="btn btn-secondary dropdown-toggle" data-bs-toggle="dropdown" name="dropdown" type="button" value="">Right-aligned menu</button>
    <ul class="dropdown-menu dropdown-menu-end">
        <li><a class="dropdown-item" href="#">Action</a></li>
        <li><a class="dropdown-item" href="#">Another action</a></li>
        <li><a class="dropdown-item" href="#">Something else here</a></li>
    </ul>
</div>
<br>
<div class="dropdown">
    <button aria-expanded="false" class="btn btn-secondary dropdown-toggle" data-bs-toggle="dropdown" name="dropdown" type="button" value="">Left-aligned, right-aligned lg</button>
    <ul class="dropdown-menu dropdown-menu-lg-end">
        <li><a class="dropdown-item" href="#">Action</a></li>
        <li><a class="dropdown-item" href="#">Another action</a></li>
        <li><a class="dropdown-item" href="#">Something else here</a></li>
    </ul>
</div>
<br>
<div class="dropdown">
    <button aria-expanded="false" class="btn btn-secondary dropdown-toggle" data-bs-toggle="dropdown" name="dropdown" type="button" value="">Right-aligned, left-aligned lg</button>
    <ul class="dropdown-menu dropdown-menu-lg-start">
        <li><a class="dropdown-item" href="#">Action</a></li>
        <li><a class="dropdown-item" href="#">Another action</a></li>
        <li><a class="dropdown-item" href="#">Something else here</a></li>
    </ul>
</div>
<br>
<div class="dropstart">
    <button aria-expanded="false" class="btn btn-secondary dropdown-toggle" data-bs-toggle="dropdown" name="dropdown" type="button" value="">Dropstart</button>
    <ul class="dropdown-menu">
        <li><a class="dropdown-item" href="#">Action</a></li>
        <li><a class="dropdown-item" href="#">Another action</a></li>
        <li><a class="dropdown-item" href="#">Something else here</a></li>
    </ul>
</div>
<br>
<div class="dropend">
    <button aria-expanded="false" class="btn btn-secondary dropdown-toggle" data-bs-toggle="dropdown" name="dropdown" type="button" value="">Dropend</button>
    <ul class="dropdown-menu">
        <li><a class="dropdown-item" href="#">Action</a></li>
        <li><a class="dropdown-item" href="#">Another action</a></li>
        <li><a class="dropdown-item" href="#">Something else here</a></li>
    </ul>
</div>
<br>
<div class="dropup">
    <button aria-expanded="false" class="btn btn-secondary dropdown-toggle" data-bs-toggle="dropdown" name="dropdown" type="button" value="">Dropup</button>
    <ul class="dropdown-menu">
        <li><a class="dropdown-item" href="#">Action</a></li>
        <li><a class="dropdown-item" href="#">Another action</a></li>
        <li><a class="dropdown-item" href="#">Something else here</a></li>
    </ul>
</div>
<br>
