<!DOCTYPE html PUBLIC "-//W3C//DTD HTML 4.0 Transitional//EN" "http://www.w3.org/TR/REC-html40/loose.dtd">
<html><body><form action="" method="POST" name="form" role="form" id="form">
    <div class="form-group">
        <label for="email">Email</label>
        <input name="email" type="email" class="form-control" value="">
    </div>
    <div class="btn-group form-group">
        <button type="button" name="button1" class="btn btn-secondary" value="">Button 1</button>
        <button type="button" name="button2" class="btn btn-secondary" value="">Button 2</button>
    </div>
    <div class="form-group">
        <button type="submit" name="submit" class="btn btn-primary" value="">Submit</button>
    </div>
</form></body></html>
