<div aria-label="Toolbar with button groups" class="btn-toolbar" role="toolbar">
    <div aria-label="First group" class="btn-group me-2" role="group">
        <button class="btn btn-primary" name="button" type="button" value="">1</button>
        <button class="btn btn-primary" name="button" type="button" value="">2</button>
        <button class="btn btn-primary" name="button" type="button" value="">3</button>
        <button class="btn btn-primary" name="button" type="button" value="">4</button>
    </div>
    <div aria-label="Second group" class="btn-group me-2" role="group">
        <button class="btn btn-secondary" name="button" type="button" value="">5</button>
        <button class="btn btn-secondary" name="button" type="button" value="">6</button>
        <button class="btn btn-secondary" name="button" type="button" value="">7</button>
    </div>
    <div aria-label="Third group" class="btn-group me-2" role="group">
        <button class="btn btn-info" name="button" type="button" value="">8</button>
    </div>
</div>