<!DOCTYPE html PUBLIC "-//W3C//DTD HTML 4.0 Transitional//EN" "http://www.w3.org/TR/REC-html40/loose.dtd">
<?xml encoding="utf-8" ?><html><body>
<button class="btn btn-primary" data-bs-target="#exampleModalLong" data-bs-toggle="modal" name="button" type="button" value="">Launch demo modal</button>
<div aria-hidden="true" aria-labelledby="exampleModalLongTitle" class="fade modal" id="exampleModalLong" tabindex="-1">
    <div class="modal-dialog">
        <div class="modal-content">
            <div class="modal-header">
                <h5 class="modal-title" id="exampleModalLongTitle">Modal title</h5>
                <button aria-label="Close" class="btn-close" data-bs-dismiss="modal" name="button" type="button" value=""></button>
            </div>
            <div class="modal-body" style="min-height: 1500px;">
                <p>This is some placeholder content to show the scrolling behavior for modals. Instead of repeating the text the modal, we use an inline style set a minimum height, thereby extending the length of the overall modal and demonstrating the overflow scrolling. When content becomes longer than the height of the viewport, scrolling will move the modal as needed.</p>
            </div>
            <div class="modal-footer">
                <button class="btn btn-secondary" data-bs-dismiss="modal" name="button" type="button" value="">Close</button>
                <button class="btn btn-primary" name="button" type="button" value="">Save changes</button>
            </div>
        </div>
    </div>
</div>
<br>
<button class="btn btn-primary" data-bs-target="#exampleModalScrollable" data-bs-toggle="modal" name="button" type="button" value="">Launch demo modal</button>
<div aria-hidden="true" aria-labelledby="exampleModalScrollableTitle" class="fade modal" id="exampleModalScrollable" tabindex="-1">
    <div class="modal-dialog modal-dialog-scrollable">
        <div class="modal-content">
            <div class="modal-header">
                <h5 class="modal-title" id="exampleModalScrollableTitle">Modal title</h5>
                <button aria-label="Close" class="btn-close" data-bs-dismiss="modal" name="button" type="button" value=""></button>
            </div>
            <div class="modal-body">
                <p>This is some placeholder content to show the scrolling behavior for modals. We use repeated line breaks to demonstrate how content can exceed minimum inner height, thereby showing inner scrolling. When content becomes longer than the predefined max-height of modal, content will be cropped and scrollable within the modal.</p>
                <p><br><br><br><br><br><br><br><br><br><br><br><br><br><br><br><br><br><br><br><br><br><br><br><br><br><br><br><br><br><br><br><br><br><br><br><br><br><br><br><br></p>
                <p>This content should appear at the bottom after you scroll.</p>
            </div>
            <div class="modal-footer">
                <button class="btn btn-secondary" data-bs-dismiss="modal" name="button" type="button" value="">Close</button>
                <button class="btn btn-primary" name="button" type="button" value="">Save changes</button>
            </div>
        </div>
    </div>
</div>
</body></html>
