<!DOCTYPE html PUBLIC "-//W3C//DTD HTML 4.0 Transitional//EN" "http://www.w3.org/TR/REC-html40/loose.dtd">
<html><body>
<label for="customRange1">Example range</label>
<input type="range" name="custom_range" id="customRange1" class="custom-range" value="">
</body></html>
