<ul class="list-group">
    <li aria-current="true" class="active list-group-item">An active item</li>
    <li class="list-group-item">A second item</li>
    <li class="list-group-item">A third item</li>
    <li class="list-group-item">A fourth item</li>
    <li class="list-group-item">And a fifth one</li>
</ul>