<!DOCTYPE html PUBLIC "-//W3C//DTD HTML 4.0 Transitional//EN" "http://www.w3.org/TR/REC-html40/loose.dtd">
<?xml encoding="utf-8" ?><html><body><div class="list-group">
    <a aria-current="true" class="active list-group-item list-group-item-action" href="#">
        <div class="d-flex w-100 justify-content-between">
            <h5 class="mb-1">List group item heading</h5>
            <small>3 days ago</small>
        </div>
        <p class="mb-1">Some placeholder content in a paragraph.</p>
        <small>And some small print.</small>
    </a>
    <a class="list-group-item list-group-item-action" href="#">
        <div class="d-flex w-100 justify-content-between">
            <h5 class="mb-1">List group item heading</h5>
            <small>3 days ago</small>
        </div>
        <p class="mb-1">Some placeholder content in a paragraph.</p>
        <small>And some small print.</small>
    </a>
    <a class="list-group-item list-group-item-action" href="#">
        <div class="d-flex w-100 justify-content-between">
            <h5 class="mb-1">List group item heading</h5>
            <small>3 days ago</small>
        </div>
        <p class="mb-1">Donec id elit non mi porta gravida at eget metus. Maecenas sed diam eget risus varius blandit.</p>
        <small>Donec id elit non mi porta.</small>
    </a>
</div></body></html>
