<!DOCTYPE html PUBLIC "-//W3C//DTD HTML 4.0 Transitional//EN" "http://www.w3.org/TR/REC-html40/loose.dtd">
<?xml encoding="utf-8" ?><html><body><ul class="list-group list-group-flush">
    <li class="list-group-item">An item</li>
    <li class="list-group-item">A second item</li>
    <li class="list-group-item">A third item</li>
    <li class="list-group-item">A fourth item</li>
    <li class="list-group-item">And a fifth one</li>
</ul></body></html>
