<!DOCTYPE html PUBLIC "-//W3C//DTD HTML 4.0 Transitional//EN" "http://www.w3.org/TR/REC-html40/loose.dtd">
<?xml encoding="utf-8" ?><html><body>
<ol class="list-group list-group-numbered">
    <li class="list-group-item">A list item</li>
    <li class="list-group-item">A list item</li>
    <li class="list-group-item">A list item</li>
</ol>
<br>
<ol class="list-group list-group-numbered">
    <li class="align-items-start d-flex justify-content-between list-group-item">
        <div class="ms-2 me-auto">
        <div class="fw-bold">Subheading</div>
        Content for list item
        </div>
        <span class="badge bg-primary rounded-pill">14</span>
    </li>
    <li class="align-items-start d-flex justify-content-between list-group-item">
        <div class="ms-2 me-auto">
        <div class="fw-bold">Subheading</div>
        Content for list item
        </div>
        <span class="badge bg-primary rounded-pill">14</span>
    </li>
    <li class="align-items-start d-flex justify-content-between list-group-item">
        <div class="ms-2 me-auto">
        <div class="fw-bold">Subheading</div>
        Content for list item
        </div>
        <span class="badge bg-primary rounded-pill">14</span>
    </li>
</ol>
</body></html>
