<!DOCTYPE html PUBLIC "-//W3C//DTD HTML 4.0 Transitional//EN" "http://www.w3.org/TR/REC-html40/loose.dtd">
<?xml encoding="utf-8" ?><html><body>
<ul class="nav nav-fill nav-pills">
    <li class="nav-item">
        <a aria-current="page" class="active nav-link" href="#">Active</a>
    </li>
    <li class="nav-item">
        <a class="nav-link" href="#">Much longer nav link</a>
    </li>
    <li class="nav-item">
        <a class="nav-link" href="#">Link</a>
    </li>
    <li class="nav-item">
        <a aria-disabled="true" class="disabled nav-link" href="#" tabindex="-1">Disabled</a>
    </li>
</ul>
<br>
<nav class="nav nav-fill nav-pills">
    <a aria-current="page" class="active nav-link" href="#">Active</a>
    <a class="nav-link" href="#">Much longer nav link</a>
    <a class="nav-link" href="#">Link</a>
    <a aria-disabled="true" class="disabled nav-link" href="#" tabindex="-1">Disabled</a>
</nav>
<br>
<ul class="nav nav-justified nav-pills">
    <li class="nav-item">
        <a aria-current="page" class="active nav-link" href="#">Active</a>
    </li>
    <li class="nav-item">
        <a class="nav-link" href="#">Much longer nav link</a>
    </li>
    <li class="nav-item">
        <a class="nav-link" href="#">Link</a>
    </li>
    <li class="nav-item">
        <a aria-disabled="true" class="disabled nav-link" href="#" tabindex="-1">Disabled</a>
    </li>
</ul>
<br>
<nav class="nav nav-justified nav-pills">
    <a aria-current="page" class="active nav-link" href="#">Active</a>
    <a class="nav-link" href="#">Much longer nav link</a>
    <a class="nav-link" href="#">Link</a>
    <a aria-disabled="true" class="disabled nav-link" href="#" tabindex="-1">Disabled</a>
</nav>
</body></html>
