<div class="bg-light border col-3 p-3">
    .col-3: width of 25%
</div>
<div class="bg-light border col-sm-9 p-3">
    .col-sm-9: width of 75% above sm breakpoint
</div>
