<div class="container">
    <div class="row">
        <div class="col-md-4">
            .col-md-4
        </div>
        <div class="col-md-4 offset-md-4">
            .col-md-4 .offset-md-4
        </div>
    </div>
    <div class="row">
        <div class="col-md-3 offset-md-3">
            .col-md-3 .offset-md-3
        </div>
        <div class="col-md-3 offset-md-3">
            .col-md-3 .offset-md-3
        </div>
    </div>
    <div class="row">
        <div class="col-md-6 offset-md-3">
            .col-md-6 .offset-md-3
        </div>
    </div>
</div>
<div class="container">
    <div class="row">
        <div class="col-md-6 col-sm-5">
            .col-sm-5 .col-md-6
        </div>
        <div class="col-md-6 col-sm-5 offset-md-0 offset-sm-2">
            .col-sm-5 .offset-sm-2 .col-md-6 .offset-md-0
        </div>
    </div>
    <div class="row">
        <div class="col-lg-6 col-md-5 col-sm-6">
            .col-sm-6 .col-md-5 .col-lg-6
        </div>
        <div class="col-lg-6 col-md-5 col-sm-6 offset-lg-0 offset-md-2">
            .col-sm-6 .col-md-5 .offset-md-2 .col-lg-6 .offset-lg-0
        </div>
    </div>
</div>
