<!DOCTYPE html PUBLIC "-//W3C//DTD HTML 4.0 Transitional//EN" "http://www.w3.org/TR/REC-html40/loose.dtd">
<?xml encoding="utf-8" ?><html><body>
<div class="dropdown">
    <button aria-expanded="false" class="btn btn-secondary dropdown-toggle" data-bs-toggle="dropdown" id="dropdownMenuButton1" name="dropdown" type="button" value="">Dropdown button</button>
    <ul aria-labelledby="dropdownMenuButton1" class="dropdown-menu">
        <li><a class="dropdown-item" href="#">Action</a></li>
        <li><a class="dropdown-item" href="#">Another action</a></li>
        <li><a class="dropdown-item" href="#">Something else here</a></li>
    </ul>
</div>
<br>
<div class="dropdown">
    <a aria-expanded="false" class="btn btn-secondary dropdown-toggle" data-bs-toggle="dropdown" href="#" id="dropdownMenuLink" role="button">Dropdown link</a>
    <ul aria-labelledby="dropdownMenuLink" class="dropdown-menu">
        <li><a class="dropdown-item" href="#">Action</a></li>
        <li><a class="dropdown-item" href="#">Another action</a></li>
        <li><a class="dropdown-item" href="#">Something else here</a></li>
    </ul>
</div>
<br>
<div class="btn-group">
    <button aria-expanded="false" class="btn btn-primary dropdown-toggle" data-bs-toggle="dropdown" name="dropdown" type="button" value="">Dropdown</button>
    <ul class="dropdown-menu">
        <li><a class="dropdown-item" href="#">Action</a></li>
        <li><a class="dropdown-item" href="#">Another action</a></li>
        <li><a class="dropdown-item" href="#">Something else here</a></li>
        <li><hr class="dropdown-divider"></li>
        <li><a class="dropdown-item" href="#">Separated link</a></li>
    </ul>
</div>
<div class="btn-group">
    <button aria-expanded="false" class="btn btn-secondary dropdown-toggle" data-bs-toggle="dropdown" name="dropdown" type="button" value="">Dropdown</button>
    <ul class="dropdown-menu">
        <li><a class="dropdown-item" href="#">Action</a></li>
        <li><a class="dropdown-item" href="#">Another action</a></li>
        <li><a class="dropdown-item" href="#">Something else here</a></li>
        <li><hr class="dropdown-divider"></li>
        <li><a class="dropdown-item" href="#">Separated link</a></li>
    </ul>
</div>
<div class="btn-group">
    <button aria-expanded="false" class="btn btn-success dropdown-toggle" data-bs-toggle="dropdown" name="dropdown" type="button" value="">Dropdown</button>
    <ul class="dropdown-menu">
        <li><a class="dropdown-item" href="#">Action</a></li>
        <li><a class="dropdown-item" href="#">Another action</a></li>
        <li><a class="dropdown-item" href="#">Something else here</a></li>
        <li><hr class="dropdown-divider"></li>
        <li><a class="dropdown-item" href="#">Separated link</a></li>
    </ul>
</div>
<div class="btn-group">
    <button aria-expanded="false" class="btn btn-info dropdown-toggle" data-bs-toggle="dropdown" name="dropdown" type="button" value="">Dropdown</button>
    <ul class="dropdown-menu">
        <li><a class="dropdown-item" href="#">Action</a></li>
        <li><a class="dropdown-item" href="#">Another action</a></li>
        <li><a class="dropdown-item" href="#">Something else here</a></li>
        <li><hr class="dropdown-divider"></li>
        <li><a class="dropdown-item" href="#">Separated link</a></li>
    </ul>
</div>
<div class="btn-group">
    <button aria-expanded="false" class="btn btn-warning dropdown-toggle" data-bs-toggle="dropdown" name="dropdown" type="button" value="">Dropdown</button>
    <ul class="dropdown-menu">
        <li><a class="dropdown-item" href="#">Action</a></li>
        <li><a class="dropdown-item" href="#">Another action</a></li>
        <li><a class="dropdown-item" href="#">Something else here</a></li>
        <li><hr class="dropdown-divider"></li>
        <li><a class="dropdown-item" href="#">Separated link</a></li>
    </ul>
</div>
<div class="btn-group">
    <button aria-expanded="false" class="btn btn-danger dropdown-toggle" data-bs-toggle="dropdown" name="dropdown" type="button" value="">Dropdown</button>
    <ul class="dropdown-menu">
        <li><a class="dropdown-item" href="#">Action</a></li>
        <li><a class="dropdown-item" href="#">Another action</a></li>
        <li><a class="dropdown-item" href="#">Something else here</a></li>
        <li><hr class="dropdown-divider"></li>
        <li><a class="dropdown-item" href="#">Separated link</a></li>
    </ul>
</div>
</body></html>
