<!DOCTYPE html PUBLIC "-//W3C//DTD HTML 4.0 Transitional//EN" "http://www.w3.org/TR/REC-html40/loose.dtd">
<?xml encoding="utf-8" ?><html><body><div class="card mb-3" style="max-width: 540px;">
    <div class="g-0 row">
        <div class="col-md-4">
            <img alt="..." class="img-fluid rounded-start" src="/twbs-helper-module/img/docs/image.svg">
        </div>
        <div class="col-md-8">
            <div class="card-body">
                <h5 class="card-title">Card title</h5>
                <p class="card-text">This is a wider card with supporting text below as a natural lead-in to additional content. This content is a little bit longer.</p>
                <p class="card-text"><small class="text-muted">Last updated 3 mins ago</small></p>
            </div>
        </div>
    </div>
</div></body></html>
