<!DOCTYPE html PUBLIC "-//W3C//DTD HTML 4.0 Transitional//EN" "http://www.w3.org/TR/REC-html40/loose.dtd">
<?xml encoding="utf-8" ?><html><body><ul class="dropdown-menu">
    <li><a class="dropdown-item" href="#">Regular link</a></li>
    <li><a aria-current="true" class="active dropdown-item" href="#">Active link</a></li>
    <li><a class="dropdown-item" href="#">Another link</a></li>
</ul></body></html>
