<ul class="dropdown-menu">
    <li><a class="dropdown-item" href="#">Regular link</a></li>
    <li><a aria-disabled="true" class="disabled dropdown-item" href="#" tabindex="-1">Disabled link</a></li>
    <li><a class="dropdown-item" href="#">Another link</a></li>
</ul>