<button class="btn btn-outline-primary" name="button" type="button" value="">Primary</button>
<button class="btn btn-outline-secondary" name="button" type="button" value="">Secondary</button>
<button class="btn btn-outline-success" name="button" type="button" value="">Success</button>
<button class="btn btn-outline-danger" name="button" type="button" value="">Danger</button>
<button class="btn btn-outline-warning" name="button" type="button" value="">Warning</button>
<button class="btn btn-outline-info" name="button" type="button" value="">Info</button>
<button class="btn btn-outline-light" name="button" type="button" value="">Light</button>
<button class="btn btn-outline-dark" name="button" type="button" value="">Dark</button>
